[      37ms] [LOG] [Fast Refresh] rebuilding @ webpack-internal:///(pages-dir-browser)/./node_modules/.pnpm/next@15.5.23_babel-plugin-m_8cef96b203beb0ab8cfaecfcae450b0a/node_modules/next/dist/client/dev/hot-reloader/pages/hot-reloader-pages.js:206
[    4202ms] [WARNING] ./node_modules/.pnpm/next@15.5.23_babel-plugin-m_8cef96b203beb0ab8cfaecfcae450b0a/node_modules/next/dist/build/webpack/loaders/css-loader/src/index.js??ruleSet[1].rules[8].oneOf[12].use[1]!./node_modules/.pnpm/next@15.5.23_babel-plugin-m_8cef96b203beb0ab8cfaecfcae450b0a/node_modules/next/dist/build/webpack/loaders/postcss-loader/src/index.js??ruleSet[1].rules[8].oneOf[12].use[2]!./node_modules/.pnpm/next@15.5.23_babel-plugin-m_8cef96b203beb0ab8cfaecfcae450b0a/node_modules/next/dist/build/webpack/loaders/resolve-url-loader/index.js??ruleSet[1].rules[8].oneOf[12].use[3]!./node_modules/.pnpm/next@15.5.23_babel-plugin-m_8cef96b203beb0ab8cfaecfcae450b0a/node_modules/next/dist/compiled/sass-loader/cjs.js??ruleSet[1].rules[8].oneOf[12].use[4]!./node_modules/.pnpm/swiper@6.8.4/node_modules/swiper/swiper.scss
Deprecation Warning on line 0, column 8 of file:///C:/Users/prest/proyectos/000mariferinicio/node_modules/.pnpm/swiper@6.8.4/node_modules/swiper/swiper.scss:0:8:
Sass @import rules are deprecated and will be removed in Dart Sass 3.0.0.

More info and automated migrator: https://sass-lang.com/d/import

0 | @import 'swiper-vars.scss';

node_modules\.pnpm\swiper@6.8.4\node_modules\swiper\swiper.scss 1:9  root stylesheet

Import trace for requested module:
./node_modules/.pnpm/next@15.5.23_babel-plugin-m_8cef96b203beb0ab8cfaecfcae450b0a/node_modules/next/dist/build/webpack/loaders/css-loader/src/index.js??ruleSet[1].rules[8].oneOf[12].use[1]!./node_modules/.pnpm/next@15.5.23_babel-plugin-m_8cef96b203beb0ab8cfaecfcae450b0a/node_modules/next/dist/build/webpack/loaders/postcss-loader/src/index.js??ruleSet[1].rules[8].oneOf[12].use[2]!./node_modules/.pnpm/next@15.5.23_babel-plugin-m_8cef96b203beb0ab8cfaecfcae450b0a/node_modules/next/dist/build/webpack/loaders/resolve-url-loader/index.js??ruleSet[1].rules[8].oneOf[12].use[3]!./node_modules/.pnpm/next@15.5.23_babel-plugin-m_8cef96b203beb0ab8cfaecfcae450b0a/node_modules/next/dist/compiled/sass-loader/cjs.js??ruleSet[1].rules[8].oneOf[12].use[4]!./node_modules/.pnpm/swiper@6.8.4/node_modules/swiper/swiper.scss
./node_modules/.pnpm/swiper@6.8.4/node_modules/swiper/swiper.scss @ webpack-internal:///(pages-dir-browser)/./node_modules/.pnpm/next@15.5.23_babel-plugin-m_8cef96b203beb0ab8cfaecfcae450b0a/node_modules/next/dist/client/dev/hot-reloader/pages/hot-reloader-pages.js:138
[    4204ms] [WARNING] ./node_modules/.pnpm/next@15.5.23_babel-plugin-m_8cef96b203beb0ab8cfaecfcae450b0a/node_modules/next/dist/build/webpack/loaders/css-loader/src/index.js??ruleSet[1].rules[8].oneOf[14].use[1]!./node_modules/.pnpm/next@15.5.23_babel-plugin-m_8cef96b203beb0ab8cfaecfcae450b0a/node_modules/next/dist/build/webpack/loaders/postcss-loader/src/index.js??ruleSet[1].rules[8].oneOf[14].use[2]!./node_modules/.pnpm/next@15.5.23_babel-plugin-m_8cef96b203beb0ab8cfaecfcae450b0a/node_modules/next/dist/build/webpack/loaders/resolve-url-loader/index.js??ruleSet[1].rules[8].oneOf[14].use[3]!./node_modules/.pnpm/next@15.5.23_babel-plugin-m_8cef96b203beb0ab8cfaecfcae450b0a/node_modules/next/dist/compiled/sass-loader/cjs.js??ruleSet[1].rules[8].oneOf[14].use[4]!./src/assets/css/styles.scss
Deprecation Warning on line 4, column 8 of file:///C:/Users/prest/proyectos/000mariferinicio/src/assets/css/styles.scss:4:8:
Sass @import rules are deprecated and will be removed in Dart Sass 3.0.0.

More info and automated migrator: https://sass-lang.com/d/import

4 | @import "./main.scss";

src\assets\css\styles.scss 5:9  root stylesheet

Import trace for requested module:
./node_modules/.pnpm/next@15.5.23_babel-plugin-m_8cef96b203beb0ab8cfaecfcae450b0a/node_modules/next/dist/build/webpack/loaders/css-loader/src/index.js??ruleSet[1].rules[8].oneOf[14].use[1]!./node_modules/.pnpm/next@15.5.23_babel-plugin-m_8cef96b203beb0ab8cfaecfcae450b0a/node_modules/next/dist/build/webpack/loaders/postcss-loader/src/index.js??ruleSet[1].rules[8].oneOf[14].use[2]!./node_modules/.pnpm/next@15.5.23_babel-plugin-m_8cef96b203beb0ab8cfaecfcae450b0a/node_modules/next/dist/build/webpack/loaders/resolve-url-loader/index.js??ruleSet[1].rules[8].oneOf[14].use[3]!./node_modules/.pnpm/next@15.5.23_babel-plugin-m_8cef96b203beb0ab8cfaecfcae450b0a/node_modules/next/dist/compiled/sass-loader/cjs.js??ruleSet[1].rules[8].oneOf[14].use[4]!./src/assets/css/styles.scss
./src/assets/css/styles.scss @ webpack-internal:///(pages-dir-browser)/./node_modules/.pnpm/next@15.5.23_babel-plugin-m_8cef96b203beb0ab8cfaecfcae450b0a/node_modules/next/dist/client/dev/hot-reloader/pages/hot-reloader-pages.js:138
[    4204ms] [WARNING] ./node_modules/.pnpm/next@15.5.23_babel-plugin-m_8cef96b203beb0ab8cfaecfcae450b0a/node_modules/next/dist/build/webpack/loaders/css-loader/src/index.js??ruleSet[1].rules[8].oneOf[14].use[1]!./node_modules/.pnpm/next@15.5.23_babel-plugin-m_8cef96b203beb0ab8cfaecfcae450b0a/node_modules/next/dist/build/webpack/loaders/postcss-loader/src/index.js??ruleSet[1].rules[8].oneOf[14].use[2]!./node_modules/.pnpm/next@15.5.23_babel-plugin-m_8cef96b203beb0ab8cfaecfcae450b0a/node_modules/next/dist/build/webpack/loaders/resolve-url-loader/index.js??ruleSet[1].rules[8].oneOf[14].use[3]!./node_modules/.pnpm/next@15.5.23_babel-plugin-m_8cef96b203beb0ab8cfaecfcae450b0a/node_modules/next/dist/compiled/sass-loader/cjs.js??ruleSet[1].rules[8].oneOf[14].use[4]!./src/assets/css/styles.scss
Deprecation Warning on line 6, column 8 of file:///C:/Users/prest/proyectos/000mariferinicio/src/assets/css/main.scss:6:8:
Sass @import rules are deprecated and will be removed in Dart Sass 3.0.0.

More info and automated migrator: https://sass-lang.com/d/import

6 | @import "./partials/variables.scss";

src\assets\css\main.scss 7:9    @import
src\assets\css\styles.scss 5:9  root stylesheet

Import trace for requested module:
./node_modules/.pnpm/next@15.5.23_babel-plugin-m_8cef96b203beb0ab8cfaecfcae450b0a/node_modules/next/dist/build/webpack/loaders/css-loader/src/index.js??ruleSet[1].rules[8].oneOf[14].use[1]!./node_modules/.pnpm/next@15.5.23_babel-plugin-m_8cef96b203beb0ab8cfaecfcae450b0a/node_modules/next/dist/build/webpack/loaders/postcss-loader/src/index.js??ruleSet[1].rules[8].oneOf[14].use[2]!./node_modules/.pnpm/next@15.5.23_babel-plugin-m_8cef96b203beb0ab8cfaecfcae450b0a/node_modules/next/dist/build/webpack/loaders/resolve-url-loader/index.js??ruleSet[1].rules[8].oneOf[14].use[3]!./node_modules/.pnpm/next@15.5.23_babel-plugin-m_8cef96b203beb0ab8cfaecfcae450b0a/node_modules/next/dist/compiled/sass-loader/cjs.js??ruleSet[1].rules[8].oneOf[14].use[4]!./src/assets/css/styles.scss
./src/assets/css/styles.scss @ webpack-internal:///(pages-dir-browser)/./node_modules/.pnpm/next@15.5.23_babel-plugin-m_8cef96b203beb0ab8cfaecfcae450b0a/node_modules/next/dist/client/dev/hot-reloader/pages/hot-reloader-pages.js:138
[    4204ms] [WARNING] ./node_modules/.pnpm/next@15.5.23_babel-plugin-m_8cef96b203beb0ab8cfaecfcae450b0a/node_modules/next/dist/build/webpack/loaders/css-loader/src/index.js??ruleSet[1].rules[8].oneOf[14].use[1]!./node_modules/.pnpm/next@15.5.23_babel-plugin-m_8cef96b203beb0ab8cfaecfcae450b0a/node_modules/next/dist/build/webpack/loaders/postcss-loader/src/index.js??ruleSet[1].rules[8].oneOf[14].use[2]!./node_modules/.pnpm/next@15.5.23_babel-plugin-m_8cef96b203beb0ab8cfaecfcae450b0a/node_modules/next/dist/build/webpack/loaders/resolve-url-loader/index.js??ruleSet[1].rules[8].oneOf[14].use[3]!./node_modules/.pnpm/next@15.5.23_babel-plugin-m_8cef96b203beb0ab8cfaecfcae450b0a/node_modules/next/dist/compiled/sass-loader/cjs.js??ruleSet[1].rules[8].oneOf[14].use[4]!./src/assets/css/styles.scss
Deprecation Warning on line 7, column 8 of file:///C:/Users/prest/proyectos/000mariferinicio/src/assets/css/main.scss:7:8:
Sass @import rules are deprecated and will be removed in Dart Sass 3.0.0.

More info and automated migrator: https://sass-lang.com/d/import

7 | @import "./partials/breakpoints.scss";

src\assets\css\main.scss 8:9    @import
src\assets\css\styles.scss 5:9  root stylesheet

Import trace for requested module:
./node_modules/.pnpm/next@15.5.23_babel-plugin-m_8cef96b203beb0ab8cfaecfcae450b0a/node_modules/next/dist/build/webpack/loaders/css-loader/src/index.js??ruleSet[1].rules[8].oneOf[14].use[1]!./node_modules/.pnpm/next@15.5.23_babel-plugin-m_8cef96b203beb0ab8cfaecfcae450b0a/node_modules/next/dist/build/webpack/loaders/postcss-loader/src/index.js??ruleSet[1].rules[8].oneOf[14].use[2]!./node_modules/.pnpm/next@15.5.23_babel-plugin-m_8cef96b203beb0ab8cfaecfcae450b0a/node_modules/next/dist/build/webpack/loaders/resolve-url-loader/index.js??ruleSet[1].rules[8].oneOf[14].use[3]!./node_modules/.pnpm/next@15.5.23_babel-plugin-m_8cef96b203beb0ab8cfaecfcae450b0a/node_modules/next/dist/compiled/sass-loader/cjs.js??ruleSet[1].rules[8].oneOf[14].use[4]!./src/assets/css/styles.scss
./src/assets/css/styles.scss @ webpack-internal:///(pages-dir-browser)/./node_modules/.pnpm/next@15.5.23_babel-plugin-m_8cef96b203beb0ab8cfaecfcae450b0a/node_modules/next/dist/client/dev/hot-reloader/pages/hot-reloader-pages.js:138
[    4204ms] [WARNING] ./node_modules/.pnpm/next@15.5.23_babel-plugin-m_8cef96b203beb0ab8cfaecfcae450b0a/node_modules/next/dist/build/webpack/loaders/css-loader/src/index.js??ruleSet[1].rules[8].oneOf[14].use[1]!./node_modules/.pnpm/next@15.5.23_babel-plugin-m_8cef96b203beb0ab8cfaecfcae450b0a/node_modules/next/dist/build/webpack/loaders/postcss-loader/src/index.js??ruleSet[1].rules[8].oneOf[14].use[2]!./node_modules/.pnpm/next@15.5.23_babel-plugin-m_8cef96b203beb0ab8cfaecfcae450b0a/node_modules/next/dist/build/webpack/loaders/resolve-url-loader/index.js??ruleSet[1].rules[8].oneOf[14].use[3]!./node_modules/.pnpm/next@15.5.23_babel-plugin-m_8cef96b203beb0ab8cfaecfcae450b0a/node_modules/next/dist/compiled/sass-loader/cjs.js??ruleSet[1].rules[8].oneOf[14].use[4]!./src/assets/css/styles.scss
Deprecation Warning on line 10, column 6 of file:///C:/Users/prest/proyectos/000mariferinicio/src/assets/css/partials/breakpoints.scss:10:6:
Global built-in functions are deprecated and will be removed in Dart Sass 3.0.0.
Use map.has-key instead.

More info and automated migrator: https://sass-lang.com/d/import

10 |   @if map-has-key($breakpoints, $breakpoint) {

src\assets\css\partials\breakpoints.scss 11:7  breakpoint()
src\assets\css\main.scss 150:3                 @import
src\assets\css\styles.scss 5:9                 root stylesheet

Import trace for requested module:
./node_modules/.pnpm/next@15.5.23_babel-plugin-m_8cef96b203beb0ab8cfaecfcae450b0a/node_modules/next/dist/build/webpack/loaders/css-loader/src/index.js??ruleSet[1].rules[8].oneOf[14].use[1]!./node_modules/.pnpm/next@15.5.23_babel-plugin-m_8cef96b203beb0ab8cfaecfcae450b0a/node_modules/next/dist/build/webpack/loaders/postcss-loader/src/index.js??ruleSet[1].rules[8].oneOf[14].use[2]!./node_modules/.pnpm/next@15.5.23_babel-plugin-m_8cef96b203beb0ab8cfaecfcae450b0a/node_modules/next/dist/build/webpack/loaders/resolve-url-loader/index.js??ruleSet[1].rules[8].oneOf[14].use[3]!./node_modules/.pnpm/next@15.5.23_babel-plugin-m_8cef96b203beb0ab8cfaecfcae450b0a/node_modules/next/dist/compiled/sass-loader/cjs.js??ruleSet[1].rules[8].oneOf[14].use[4]!./src/assets/css/styles.scss
./src/assets/css/styles.scss @ webpack-internal:///(pages-dir-browser)/./node_modules/.pnpm/next@15.5.23_babel-plugin-m_8cef96b203beb0ab8cfaecfcae450b0a/node_modules/next/dist/client/dev/hot-reloader/pages/hot-reloader-pages.js:138
[    4205ms] [WARNING] There were more warnings in other files.
You can find a complete log in the terminal. @ webpack-internal:///(pages-dir-browser)/./node_modules/.pnpm/next@15.5.23_babel-plugin-m_8cef96b203beb0ab8cfaecfcae450b0a/node_modules/next/dist/client/dev/hot-reloader/pages/hot-reloader-pages.js:135
[    4298ms] [LOG] [Fast Refresh] done in 4261ms @ webpack-internal:///(pages-dir-browser)/./node_modules/.pnpm/next@15.5.23_babel-plugin-m_8cef96b203beb0ab8cfaecfcae450b0a/node_modules/next/dist/client/dev/report-hmr-latency.js:13
[    6349ms] [ERROR] Failed to load resource: the server responded with a status of 500 (Internal Server Error) @ http://localhost:3011/products:0
[    7157ms] [ERROR] Failed to load resource: the server responded with a status of 404 (Not Found) @ http://localhost:3011/_next/static/chunks/react-refresh.js:0
[    7165ms] [ERROR] Failed to load resource: the server responded with a status of 404 (Not Found) @ http://localhost:3011/_next/static/chunks/main.js:0
[    7185ms] [ERROR] Failed to load resource: the server responded with a status of 404 (Not Found) @ http://localhost:3011/_next/static/chunks/pages/_error.js:0
