[    1860ms] [INFO] %cDownload the React DevTools for a better development experience: https://reactjs.org/link/react-devtools font-weight:bold @ webpack-internal:///(pages-dir-browser)/./node_modules/.pnpm/react-dom@18.3.1_react@18.3.1/node_modules/react-dom/cjs/react-dom.development.js:29889
[    2192ms] [LOG] [HMR] connected @ webpack-internal:///(pages-dir-browser)/./node_modules/.pnpm/next@15.5.23_babel-plugin-m_8cef96b203beb0ab8cfaecfcae450b0a/node_modules/next/dist/client/dev/hot-reloader/pages/websocket.js:45
[    2198ms] [WARNING] ./node_modules/.pnpm/next@15.5.23_babel-plugin-m_8cef96b203beb0ab8cfaecfcae450b0a/node_modules/next/dist/build/webpack/loaders/css-loader/src/index.js??ruleSet[1].rules[8].oneOf[12].use[1]!./node_modules/.pnpm/next@15.5.23_babel-plugin-m_8cef96b203beb0ab8cfaecfcae450b0a/node_modules/next/dist/build/webpack/loaders/postcss-loader/src/index.js??ruleSet[1].rules[8].oneOf[12].use[2]!./node_modules/.pnpm/next@15.5.23_babel-plugin-m_8cef96b203beb0ab8cfaecfcae450b0a/node_modules/next/dist/build/webpack/loaders/resolve-url-loader/index.js??ruleSet[1].rules[8].oneOf[12].use[3]!./node_modules/.pnpm/next@15.5.23_babel-plugin-m_8cef96b203beb0ab8cfaecfcae450b0a/node_modules/next/dist/compiled/sass-loader/cjs.js??ruleSet[1].rules[8].oneOf[12].use[4]!./node_modules/.pnpm/swiper@6.8.4/node_modules/swiper/swiper.scss
Deprecation Warning on line 0, column 8 of file:///C:/Users/prest/proyectos/000mariferinicio/node_modules/.pnpm/swiper@6.8.4/node_modules/swiper/swiper.scss:0:8:
Sass @import rules are deprecated and will be removed in Dart Sass 3.0.0.

More info and automated migrator: https://sass-lang.com/d/import

0 | @import 'swiper-vars.scss';

node_modules\.pnpm\swiper@6.8.4\node_modules\swiper\swiper.scss 1:9  root stylesheet @ webpack-internal:///(pages-dir-browser)/./node_modules/.pnpm/next@15.5.23_babel-plugin-m_8cef96b203beb0ab8cfaecfcae450b0a/node_modules/next/dist/client/dev/hot-reloader/pages/hot-reloader-pages.js:138
[    2198ms] [WARNING] ./node_modules/.pnpm/next@15.5.23_babel-plugin-m_8cef96b203beb0ab8cfaecfcae450b0a/node_modules/next/dist/build/webpack/loaders/css-loader/src/index.js??ruleSet[1].rules[8].oneOf[14].use[1]!./node_modules/.pnpm/next@15.5.23_babel-plugin-m_8cef96b203beb0ab8cfaecfcae450b0a/node_modules/next/dist/build/webpack/loaders/postcss-loader/src/index.js??ruleSet[1].rules[8].oneOf[14].use[2]!./node_modules/.pnpm/next@15.5.23_babel-plugin-m_8cef96b203beb0ab8cfaecfcae450b0a/node_modules/next/dist/build/webpack/loaders/resolve-url-loader/index.js??ruleSet[1].rules[8].oneOf[14].use[3]!./node_modules/.pnpm/next@15.5.23_babel-plugin-m_8cef96b203beb0ab8cfaecfcae450b0a/node_modules/next/dist/compiled/sass-loader/cjs.js??ruleSet[1].rules[8].oneOf[14].use[4]!./src/assets/css/styles.scss
Deprecation Warning on line 4, column 8 of file:///C:/Users/prest/proyectos/000mariferinicio/src/assets/css/styles.scss:4:8:
Sass @import rules are deprecated and will be removed in Dart Sass 3.0.0.

More info and automated migrator: https://sass-lang.com/d/import

4 | @import "./main.scss";

src\assets\css\styles.scss 5:9  root stylesheet @ webpack-internal:///(pages-dir-browser)/./node_modules/.pnpm/next@15.5.23_babel-plugin-m_8cef96b203beb0ab8cfaecfcae450b0a/node_modules/next/dist/client/dev/hot-reloader/pages/hot-reloader-pages.js:138
[    2198ms] [WARNING] ./node_modules/.pnpm/next@15.5.23_babel-plugin-m_8cef96b203beb0ab8cfaecfcae450b0a/node_modules/next/dist/build/webpack/loaders/css-loader/src/index.js??ruleSet[1].rules[8].oneOf[14].use[1]!./node_modules/.pnpm/next@15.5.23_babel-plugin-m_8cef96b203beb0ab8cfaecfcae450b0a/node_modules/next/dist/build/webpack/loaders/postcss-loader/src/index.js??ruleSet[1].rules[8].oneOf[14].use[2]!./node_modules/.pnpm/next@15.5.23_babel-plugin-m_8cef96b203beb0ab8cfaecfcae450b0a/node_modules/next/dist/build/webpack/loaders/resolve-url-loader/index.js??ruleSet[1].rules[8].oneOf[14].use[3]!./node_modules/.pnpm/next@15.5.23_babel-plugin-m_8cef96b203beb0ab8cfaecfcae450b0a/node_modules/next/dist/compiled/sass-loader/cjs.js??ruleSet[1].rules[8].oneOf[14].use[4]!./src/assets/css/styles.scss
Deprecation Warning on line 6, column 8 of file:///C:/Users/prest/proyectos/000mariferinicio/src/assets/css/main.scss:6:8:
Sass @import rules are deprecated and will be removed in Dart Sass 3.0.0.

More info and automated migrator: https://sass-lang.com/d/import

6 | @import "./partials/variables.scss";

src\assets\css\main.scss 7:9    @import
src\assets\css\styles.scss 5:9  root stylesheet @ webpack-internal:///(pages-dir-browser)/./node_modules/.pnpm/next@15.5.23_babel-plugin-m_8cef96b203beb0ab8cfaecfcae450b0a/node_modules/next/dist/client/dev/hot-reloader/pages/hot-reloader-pages.js:138
[    2199ms] [WARNING] ./node_modules/.pnpm/next@15.5.23_babel-plugin-m_8cef96b203beb0ab8cfaecfcae450b0a/node_modules/next/dist/build/webpack/loaders/css-loader/src/index.js??ruleSet[1].rules[8].oneOf[14].use[1]!./node_modules/.pnpm/next@15.5.23_babel-plugin-m_8cef96b203beb0ab8cfaecfcae450b0a/node_modules/next/dist/build/webpack/loaders/postcss-loader/src/index.js??ruleSet[1].rules[8].oneOf[14].use[2]!./node_modules/.pnpm/next@15.5.23_babel-plugin-m_8cef96b203beb0ab8cfaecfcae450b0a/node_modules/next/dist/build/webpack/loaders/resolve-url-loader/index.js??ruleSet[1].rules[8].oneOf[14].use[3]!./node_modules/.pnpm/next@15.5.23_babel-plugin-m_8cef96b203beb0ab8cfaecfcae450b0a/node_modules/next/dist/compiled/sass-loader/cjs.js??ruleSet[1].rules[8].oneOf[14].use[4]!./src/assets/css/styles.scss
Deprecation Warning on line 7, column 8 of file:///C:/Users/prest/proyectos/000mariferinicio/src/assets/css/main.scss:7:8:
Sass @import rules are deprecated and will be removed in Dart Sass 3.0.0.

More info and automated migrator: https://sass-lang.com/d/import

7 | @import "./partials/breakpoints.scss";

src\assets\css\main.scss 8:9    @import
src\assets\css\styles.scss 5:9  root stylesheet @ webpack-internal:///(pages-dir-browser)/./node_modules/.pnpm/next@15.5.23_babel-plugin-m_8cef96b203beb0ab8cfaecfcae450b0a/node_modules/next/dist/client/dev/hot-reloader/pages/hot-reloader-pages.js:138
[    2199ms] [WARNING] ./node_modules/.pnpm/next@15.5.23_babel-plugin-m_8cef96b203beb0ab8cfaecfcae450b0a/node_modules/next/dist/build/webpack/loaders/css-loader/src/index.js??ruleSet[1].rules[8].oneOf[14].use[1]!./node_modules/.pnpm/next@15.5.23_babel-plugin-m_8cef96b203beb0ab8cfaecfcae450b0a/node_modules/next/dist/build/webpack/loaders/postcss-loader/src/index.js??ruleSet[1].rules[8].oneOf[14].use[2]!./node_modules/.pnpm/next@15.5.23_babel-plugin-m_8cef96b203beb0ab8cfaecfcae450b0a/node_modules/next/dist/build/webpack/loaders/resolve-url-loader/index.js??ruleSet[1].rules[8].oneOf[14].use[3]!./node_modules/.pnpm/next@15.5.23_babel-plugin-m_8cef96b203beb0ab8cfaecfcae450b0a/node_modules/next/dist/compiled/sass-loader/cjs.js??ruleSet[1].rules[8].oneOf[14].use[4]!./src/assets/css/styles.scss
Deprecation Warning on line 10, column 6 of file:///C:/Users/prest/proyectos/000mariferinicio/src/assets/css/partials/breakpoints.scss:10:6:
Global built-in functions are deprecated and will be removed in Dart Sass 3.0.0.
Use map.has-key instead.

More info and automated migrator: https://sass-lang.com/d/import

10 |   @if map-has-key($breakpoints, $breakpoint) {

src\assets\css\partials\breakpoints.scss 11:7  breakpoint()
src\assets\css\main.scss 150:3                 @import
src\assets\css\styles.scss 5:9                 root stylesheet @ webpack-internal:///(pages-dir-browser)/./node_modules/.pnpm/next@15.5.23_babel-plugin-m_8cef96b203beb0ab8cfaecfcae450b0a/node_modules/next/dist/client/dev/hot-reloader/pages/hot-reloader-pages.js:138
[    2199ms] [WARNING] There were more warnings in other files.
You can find a complete log in the terminal. @ webpack-internal:///(pages-dir-browser)/./node_modules/.pnpm/next@15.5.23_babel-plugin-m_8cef96b203beb0ab8cfaecfcae450b0a/node_modules/next/dist/client/dev/hot-reloader/pages/hot-reloader-pages.js:135
[    2263ms] [LOG] 4. WrappedApp created new store with withRedux(MyApp) {initialState: undefined, initialStateFromGSPorGSSR: undefined} @ webpack-internal:///(pages-dir-browser)/./node_modules/.pnpm/next-redux-wrapper@6.0.2_ne_94472b7317d2fb0edccd29cb6787fbd7/node_modules/next-redux-wrapper/es6/index.js:189
[    2268ms] [ERROR] A non-serializable value was detected in an action, in the path: `register`. Value: function register(key) {
    _pStore.dispatch({
      type: _constants__WEBPACK_IMPORTED_MODULE_0__.REGISTER,
      key: key
    });
  } 
Take a look at the logic that dispatched this action:  {type: persist/PERSIST, register: , rehydrate: } 
(See https://redux.js.org/faq/actions#why-should-type-be-a-string-or-at-least-serializable-why-should-my-action-types-be-constants) 
(To allow non-serializable values see: https://redux-toolkit.js.org/usage/usage-guide#working-with-non-serializable-data) @ webpack-internal:///(pages-dir-browser)/./node_modules/.pnpm/next@15.5.23_babel-plugin-m_8cef96b203beb0ab8cfaecfcae450b0a/node_modules/next/dist/next-devtools/userspace/pages/pages-dev-overlay-setup.js:76
[    2292ms] [ERROR] `legacyBehavior` is deprecated and will be removed in a future release. A codemod is available to upgrade your components:

npx @next/codemod@latest new-link .

Learn more: https://nextjs.org/docs/app/building-your-application/upgrading/codemods#remove-a-tags-from-link-components @ webpack-internal:///(pages-dir-browser)/./node_modules/.pnpm/next@15.5.23_babel-plugin-m_8cef96b203beb0ab8cfaecfcae450b0a/node_modules/next/dist/next-devtools/userspace/pages/pages-dev-overlay-setup.js:76
[    5827ms] [WARNING] Image with src "/images/products/product-3.jpg" has "fill" and parent element with invalid "position". Provided "static" should be one of absolute,fixed,relative. @ webpack-internal:///(pages-dir-browser)/./node_modules/.pnpm/next@15.5.23_babel-plugin-m_8cef96b203beb0ab8cfaecfcae450b0a/node_modules/next/dist/shared/lib/utils/warn-once.js:15
[    5828ms] [WARNING] Image with src "/images/products/product-4.jpg" has "fill" and parent element with invalid "position". Provided "static" should be one of absolute,fixed,relative. @ webpack-internal:///(pages-dir-browser)/./node_modules/.pnpm/next@15.5.23_babel-plugin-m_8cef96b203beb0ab8cfaecfcae450b0a/node_modules/next/dist/shared/lib/utils/warn-once.js:15
[    5828ms] [WARNING] Image with src "/images/products/product-5.jpg" has "fill" and parent element with invalid "position". Provided "static" should be one of absolute,fixed,relative. @ webpack-internal:///(pages-dir-browser)/./node_modules/.pnpm/next@15.5.23_babel-plugin-m_8cef96b203beb0ab8cfaecfcae450b0a/node_modules/next/dist/shared/lib/utils/warn-once.js:15
[    5828ms] [WARNING] Image with src "/images/products/product-6.jpg" has "fill" and parent element with invalid "position". Provided "static" should be one of absolute,fixed,relative. @ webpack-internal:///(pages-dir-browser)/./node_modules/.pnpm/next@15.5.23_babel-plugin-m_8cef96b203beb0ab8cfaecfcae450b0a/node_modules/next/dist/shared/lib/utils/warn-once.js:15
[    5828ms] [WARNING] Image with src "/images/products/product-1.jpg" has "fill" and parent element with invalid "position". Provided "static" should be one of absolute,fixed,relative. @ webpack-internal:///(pages-dir-browser)/./node_modules/.pnpm/next@15.5.23_babel-plugin-m_8cef96b203beb0ab8cfaecfcae450b0a/node_modules/next/dist/shared/lib/utils/warn-once.js:15
[    5828ms] [WARNING] Image with src "/images/products/product-2.jpg" has "fill" and parent element with invalid "position". Provided "static" should be one of absolute,fixed,relative. @ webpack-internal:///(pages-dir-browser)/./node_modules/.pnpm/next@15.5.23_babel-plugin-m_8cef96b203beb0ab8cfaecfcae450b0a/node_modules/next/dist/shared/lib/utils/warn-once.js:15
[   41402ms] [LOG] [Fast Refresh] rebuilding @ webpack-internal:///(pages-dir-browser)/./node_modules/.pnpm/next@15.5.23_babel-plugin-m_8cef96b203beb0ab8cfaecfcae450b0a/node_modules/next/dist/client/dev/hot-reloader/pages/hot-reloader-pages.js:206
[   42216ms] [WARNING] ./node_modules/.pnpm/next@15.5.23_babel-plugin-m_8cef96b203beb0ab8cfaecfcae450b0a/node_modules/next/dist/build/webpack/loaders/css-loader/src/index.js??ruleSet[1].rules[8].oneOf[12].use[1]!./node_modules/.pnpm/next@15.5.23_babel-plugin-m_8cef96b203beb0ab8cfaecfcae450b0a/node_modules/next/dist/build/webpack/loaders/postcss-loader/src/index.js??ruleSet[1].rules[8].oneOf[12].use[2]!./node_modules/.pnpm/next@15.5.23_babel-plugin-m_8cef96b203beb0ab8cfaecfcae450b0a/node_modules/next/dist/build/webpack/loaders/resolve-url-loader/index.js??ruleSet[1].rules[8].oneOf[12].use[3]!./node_modules/.pnpm/next@15.5.23_babel-plugin-m_8cef96b203beb0ab8cfaecfcae450b0a/node_modules/next/dist/compiled/sass-loader/cjs.js??ruleSet[1].rules[8].oneOf[12].use[4]!./node_modules/.pnpm/swiper@6.8.4/node_modules/swiper/swiper.scss
Deprecation Warning on line 0, column 8 of file:///C:/Users/prest/proyectos/000mariferinicio/node_modules/.pnpm/swiper@6.8.4/node_modules/swiper/swiper.scss:0:8:
Sass @import rules are deprecated and will be removed in Dart Sass 3.0.0.

More info and automated migrator: https://sass-lang.com/d/import

0 | @import 'swiper-vars.scss';

node_modules\.pnpm\swiper@6.8.4\node_modules\swiper\swiper.scss 1:9  root stylesheet

Import trace for requested module:
./node_modules/.pnpm/next@15.5.23_babel-plugin-m_8cef96b203beb0ab8cfaecfcae450b0a/node_modules/next/dist/build/webpack/loaders/css-loader/src/index.js??ruleSet[1].rules[8].oneOf[12].use[1]!./node_modules/.pnpm/next@15.5.23_babel-plugin-m_8cef96b203beb0ab8cfaecfcae450b0a/node_modules/next/dist/build/webpack/loaders/postcss-loader/src/index.js??ruleSet[1].rules[8].oneOf[12].use[2]!./node_modules/.pnpm/next@15.5.23_babel-plugin-m_8cef96b203beb0ab8cfaecfcae450b0a/node_modules/next/dist/build/webpack/loaders/resolve-url-loader/index.js??ruleSet[1].rules[8].oneOf[12].use[3]!./node_modules/.pnpm/next@15.5.23_babel-plugin-m_8cef96b203beb0ab8cfaecfcae450b0a/node_modules/next/dist/compiled/sass-loader/cjs.js??ruleSet[1].rules[8].oneOf[12].use[4]!./node_modules/.pnpm/swiper@6.8.4/node_modules/swiper/swiper.scss
./node_modules/.pnpm/swiper@6.8.4/node_modules/swiper/swiper.scss @ webpack-internal:///(pages-dir-browser)/./node_modules/.pnpm/next@15.5.23_babel-plugin-m_8cef96b203beb0ab8cfaecfcae450b0a/node_modules/next/dist/client/dev/hot-reloader/pages/hot-reloader-pages.js:138
[   42217ms] [WARNING] ./node_modules/.pnpm/next@15.5.23_babel-plugin-m_8cef96b203beb0ab8cfaecfcae450b0a/node_modules/next/dist/build/webpack/loaders/css-loader/src/index.js??ruleSet[1].rules[8].oneOf[14].use[1]!./node_modules/.pnpm/next@15.5.23_babel-plugin-m_8cef96b203beb0ab8cfaecfcae450b0a/node_modules/next/dist/build/webpack/loaders/postcss-loader/src/index.js??ruleSet[1].rules[8].oneOf[14].use[2]!./node_modules/.pnpm/next@15.5.23_babel-plugin-m_8cef96b203beb0ab8cfaecfcae450b0a/node_modules/next/dist/build/webpack/loaders/resolve-url-loader/index.js??ruleSet[1].rules[8].oneOf[14].use[3]!./node_modules/.pnpm/next@15.5.23_babel-plugin-m_8cef96b203beb0ab8cfaecfcae450b0a/node_modules/next/dist/compiled/sass-loader/cjs.js??ruleSet[1].rules[8].oneOf[14].use[4]!./src/assets/css/styles.scss
Deprecation Warning on line 4, column 8 of file:///C:/Users/prest/proyectos/000mariferinicio/src/assets/css/styles.scss:4:8:
Sass @import rules are deprecated and will be removed in Dart Sass 3.0.0.

More info and automated migrator: https://sass-lang.com/d/import

4 | @import "./main.scss";

src\assets\css\styles.scss 5:9  root stylesheet

Import trace for requested module:
./node_modules/.pnpm/next@15.5.23_babel-plugin-m_8cef96b203beb0ab8cfaecfcae450b0a/node_modules/next/dist/build/webpack/loaders/css-loader/src/index.js??ruleSet[1].rules[8].oneOf[14].use[1]!./node_modules/.pnpm/next@15.5.23_babel-plugin-m_8cef96b203beb0ab8cfaecfcae450b0a/node_modules/next/dist/build/webpack/loaders/postcss-loader/src/index.js??ruleSet[1].rules[8].oneOf[14].use[2]!./node_modules/.pnpm/next@15.5.23_babel-plugin-m_8cef96b203beb0ab8cfaecfcae450b0a/node_modules/next/dist/build/webpack/loaders/resolve-url-loader/index.js??ruleSet[1].rules[8].oneOf[14].use[3]!./node_modules/.pnpm/next@15.5.23_babel-plugin-m_8cef96b203beb0ab8cfaecfcae450b0a/node_modules/next/dist/compiled/sass-loader/cjs.js??ruleSet[1].rules[8].oneOf[14].use[4]!./src/assets/css/styles.scss
./src/assets/css/styles.scss @ webpack-internal:///(pages-dir-browser)/./node_modules/.pnpm/next@15.5.23_babel-plugin-m_8cef96b203beb0ab8cfaecfcae450b0a/node_modules/next/dist/client/dev/hot-reloader/pages/hot-reloader-pages.js:138
[   42217ms] [WARNING] ./node_modules/.pnpm/next@15.5.23_babel-plugin-m_8cef96b203beb0ab8cfaecfcae450b0a/node_modules/next/dist/build/webpack/loaders/css-loader/src/index.js??ruleSet[1].rules[8].oneOf[14].use[1]!./node_modules/.pnpm/next@15.5.23_babel-plugin-m_8cef96b203beb0ab8cfaecfcae450b0a/node_modules/next/dist/build/webpack/loaders/postcss-loader/src/index.js??ruleSet[1].rules[8].oneOf[14].use[2]!./node_modules/.pnpm/next@15.5.23_babel-plugin-m_8cef96b203beb0ab8cfaecfcae450b0a/node_modules/next/dist/build/webpack/loaders/resolve-url-loader/index.js??ruleSet[1].rules[8].oneOf[14].use[3]!./node_modules/.pnpm/next@15.5.23_babel-plugin-m_8cef96b203beb0ab8cfaecfcae450b0a/node_modules/next/dist/compiled/sass-loader/cjs.js??ruleSet[1].rules[8].oneOf[14].use[4]!./src/assets/css/styles.scss
Deprecation Warning on line 6, column 8 of file:///C:/Users/prest/proyectos/000mariferinicio/src/assets/css/main.scss:6:8:
Sass @import rules are deprecated and will be removed in Dart Sass 3.0.0.

More info and automated migrator: https://sass-lang.com/d/import

6 | @import "./partials/variables.scss";

src\assets\css\main.scss 7:9    @import
src\assets\css\styles.scss 5:9  root stylesheet

Import trace for requested module:
./node_modules/.pnpm/next@15.5.23_babel-plugin-m_8cef96b203beb0ab8cfaecfcae450b0a/node_modules/next/dist/build/webpack/loaders/css-loader/src/index.js??ruleSet[1].rules[8].oneOf[14].use[1]!./node_modules/.pnpm/next@15.5.23_babel-plugin-m_8cef96b203beb0ab8cfaecfcae450b0a/node_modules/next/dist/build/webpack/loaders/postcss-loader/src/index.js??ruleSet[1].rules[8].oneOf[14].use[2]!./node_modules/.pnpm/next@15.5.23_babel-plugin-m_8cef96b203beb0ab8cfaecfcae450b0a/node_modules/next/dist/build/webpack/loaders/resolve-url-loader/index.js??ruleSet[1].rules[8].oneOf[14].use[3]!./node_modules/.pnpm/next@15.5.23_babel-plugin-m_8cef96b203beb0ab8cfaecfcae450b0a/node_modules/next/dist/compiled/sass-loader/cjs.js??ruleSet[1].rules[8].oneOf[14].use[4]!./src/assets/css/styles.scss
./src/assets/css/styles.scss @ webpack-internal:///(pages-dir-browser)/./node_modules/.pnpm/next@15.5.23_babel-plugin-m_8cef96b203beb0ab8cfaecfcae450b0a/node_modules/next/dist/client/dev/hot-reloader/pages/hot-reloader-pages.js:138
[   42217ms] [WARNING] ./node_modules/.pnpm/next@15.5.23_babel-plugin-m_8cef96b203beb0ab8cfaecfcae450b0a/node_modules/next/dist/build/webpack/loaders/css-loader/src/index.js??ruleSet[1].rules[8].oneOf[14].use[1]!./node_modules/.pnpm/next@15.5.23_babel-plugin-m_8cef96b203beb0ab8cfaecfcae450b0a/node_modules/next/dist/build/webpack/loaders/postcss-loader/src/index.js??ruleSet[1].rules[8].oneOf[14].use[2]!./node_modules/.pnpm/next@15.5.23_babel-plugin-m_8cef96b203beb0ab8cfaecfcae450b0a/node_modules/next/dist/build/webpack/loaders/resolve-url-loader/index.js??ruleSet[1].rules[8].oneOf[14].use[3]!./node_modules/.pnpm/next@15.5.23_babel-plugin-m_8cef96b203beb0ab8cfaecfcae450b0a/node_modules/next/dist/compiled/sass-loader/cjs.js??ruleSet[1].rules[8].oneOf[14].use[4]!./src/assets/css/styles.scss
Deprecation Warning on line 7, column 8 of file:///C:/Users/prest/proyectos/000mariferinicio/src/assets/css/main.scss:7:8:
Sass @import rules are deprecated and will be removed in Dart Sass 3.0.0.

More info and automated migrator: https://sass-lang.com/d/import

7 | @import "./partials/breakpoints.scss";

src\assets\css\main.scss 8:9    @import
src\assets\css\styles.scss 5:9  root stylesheet

Import trace for requested module:
./node_modules/.pnpm/next@15.5.23_babel-plugin-m_8cef96b203beb0ab8cfaecfcae450b0a/node_modules/next/dist/build/webpack/loaders/css-loader/src/index.js??ruleSet[1].rules[8].oneOf[14].use[1]!./node_modules/.pnpm/next@15.5.23_babel-plugin-m_8cef96b203beb0ab8cfaecfcae450b0a/node_modules/next/dist/build/webpack/loaders/postcss-loader/src/index.js??ruleSet[1].rules[8].oneOf[14].use[2]!./node_modules/.pnpm/next@15.5.23_babel-plugin-m_8cef96b203beb0ab8cfaecfcae450b0a/node_modules/next/dist/build/webpack/loaders/resolve-url-loader/index.js??ruleSet[1].rules[8].oneOf[14].use[3]!./node_modules/.pnpm/next@15.5.23_babel-plugin-m_8cef96b203beb0ab8cfaecfcae450b0a/node_modules/next/dist/compiled/sass-loader/cjs.js??ruleSet[1].rules[8].oneOf[14].use[4]!./src/assets/css/styles.scss
./src/assets/css/styles.scss @ webpack-internal:///(pages-dir-browser)/./node_modules/.pnpm/next@15.5.23_babel-plugin-m_8cef96b203beb0ab8cfaecfcae450b0a/node_modules/next/dist/client/dev/hot-reloader/pages/hot-reloader-pages.js:138
[   42217ms] [WARNING] ./node_modules/.pnpm/next@15.5.23_babel-plugin-m_8cef96b203beb0ab8cfaecfcae450b0a/node_modules/next/dist/build/webpack/loaders/css-loader/src/index.js??ruleSet[1].rules[8].oneOf[14].use[1]!./node_modules/.pnpm/next@15.5.23_babel-plugin-m_8cef96b203beb0ab8cfaecfcae450b0a/node_modules/next/dist/build/webpack/loaders/postcss-loader/src/index.js??ruleSet[1].rules[8].oneOf[14].use[2]!./node_modules/.pnpm/next@15.5.23_babel-plugin-m_8cef96b203beb0ab8cfaecfcae450b0a/node_modules/next/dist/build/webpack/loaders/resolve-url-loader/index.js??ruleSet[1].rules[8].oneOf[14].use[3]!./node_modules/.pnpm/next@15.5.23_babel-plugin-m_8cef96b203beb0ab8cfaecfcae450b0a/node_modules/next/dist/compiled/sass-loader/cjs.js??ruleSet[1].rules[8].oneOf[14].use[4]!./src/assets/css/styles.scss
Deprecation Warning on line 10, column 6 of file:///C:/Users/prest/proyectos/000mariferinicio/src/assets/css/partials/breakpoints.scss:10:6:
Global built-in functions are deprecated and will be removed in Dart Sass 3.0.0.
Use map.has-key instead.

More info and automated migrator: https://sass-lang.com/d/import

10 |   @if map-has-key($breakpoints, $breakpoint) {

src\assets\css\partials\breakpoints.scss 11:7  breakpoint()
src\assets\css\main.scss 150:3                 @import
src\assets\css\styles.scss 5:9                 root stylesheet

Import trace for requested module:
./node_modules/.pnpm/next@15.5.23_babel-plugin-m_8cef96b203beb0ab8cfaecfcae450b0a/node_modules/next/dist/build/webpack/loaders/css-loader/src/index.js??ruleSet[1].rules[8].oneOf[14].use[1]!./node_modules/.pnpm/next@15.5.23_babel-plugin-m_8cef96b203beb0ab8cfaecfcae450b0a/node_modules/next/dist/build/webpack/loaders/postcss-loader/src/index.js??ruleSet[1].rules[8].oneOf[14].use[2]!./node_modules/.pnpm/next@15.5.23_babel-plugin-m_8cef96b203beb0ab8cfaecfcae450b0a/node_modules/next/dist/build/webpack/loaders/resolve-url-loader/index.js??ruleSet[1].rules[8].oneOf[14].use[3]!./node_modules/.pnpm/next@15.5.23_babel-plugin-m_8cef96b203beb0ab8cfaecfcae450b0a/node_modules/next/dist/compiled/sass-loader/cjs.js??ruleSet[1].rules[8].oneOf[14].use[4]!./src/assets/css/styles.scss
./src/assets/css/styles.scss @ webpack-internal:///(pages-dir-browser)/./node_modules/.pnpm/next@15.5.23_babel-plugin-m_8cef96b203beb0ab8cfaecfcae450b0a/node_modules/next/dist/client/dev/hot-reloader/pages/hot-reloader-pages.js:138
[   42217ms] [WARNING] There were more warnings in other files.
You can find a complete log in the terminal. @ webpack-internal:///(pages-dir-browser)/./node_modules/.pnpm/next@15.5.23_babel-plugin-m_8cef96b203beb0ab8cfaecfcae450b0a/node_modules/next/dist/client/dev/hot-reloader/pages/hot-reloader-pages.js:135
[   42498ms] [LOG] [Fast Refresh] done in 1096ms @ webpack-internal:///(pages-dir-browser)/./node_modules/.pnpm/next@15.5.23_babel-plugin-m_8cef96b203beb0ab8cfaecfcae450b0a/node_modules/next/dist/client/dev/report-hmr-latency.js:13
[   77181ms] [LOG] [Fast Refresh] rebuilding @ webpack-internal:///(pages-dir-browser)/./node_modules/.pnpm/next@15.5.23_babel-plugin-m_8cef96b203beb0ab8cfaecfcae450b0a/node_modules/next/dist/client/dev/hot-reloader/pages/hot-reloader-pages.js:206
[   77907ms] [WARNING] ./node_modules/.pnpm/next@15.5.23_babel-plugin-m_8cef96b203beb0ab8cfaecfcae450b0a/node_modules/next/dist/build/webpack/loaders/css-loader/src/index.js??ruleSet[1].rules[8].oneOf[12].use[1]!./node_modules/.pnpm/next@15.5.23_babel-plugin-m_8cef96b203beb0ab8cfaecfcae450b0a/node_modules/next/dist/build/webpack/loaders/postcss-loader/src/index.js??ruleSet[1].rules[8].oneOf[12].use[2]!./node_modules/.pnpm/next@15.5.23_babel-plugin-m_8cef96b203beb0ab8cfaecfcae450b0a/node_modules/next/dist/build/webpack/loaders/resolve-url-loader/index.js??ruleSet[1].rules[8].oneOf[12].use[3]!./node_modules/.pnpm/next@15.5.23_babel-plugin-m_8cef96b203beb0ab8cfaecfcae450b0a/node_modules/next/dist/compiled/sass-loader/cjs.js??ruleSet[1].rules[8].oneOf[12].use[4]!./node_modules/.pnpm/swiper@6.8.4/node_modules/swiper/swiper.scss
Deprecation Warning on line 0, column 8 of file:///C:/Users/prest/proyectos/000mariferinicio/node_modules/.pnpm/swiper@6.8.4/node_modules/swiper/swiper.scss:0:8:
Sass @import rules are deprecated and will be removed in Dart Sass 3.0.0.

More info and automated migrator: https://sass-lang.com/d/import

0 | @import 'swiper-vars.scss';

node_modules\.pnpm\swiper@6.8.4\node_modules\swiper\swiper.scss 1:9  root stylesheet

Import trace for requested module:
./node_modules/.pnpm/next@15.5.23_babel-plugin-m_8cef96b203beb0ab8cfaecfcae450b0a/node_modules/next/dist/build/webpack/loaders/css-loader/src/index.js??ruleSet[1].rules[8].oneOf[12].use[1]!./node_modules/.pnpm/next@15.5.23_babel-plugin-m_8cef96b203beb0ab8cfaecfcae450b0a/node_modules/next/dist/build/webpack/loaders/postcss-loader/src/index.js??ruleSet[1].rules[8].oneOf[12].use[2]!./node_modules/.pnpm/next@15.5.23_babel-plugin-m_8cef96b203beb0ab8cfaecfcae450b0a/node_modules/next/dist/build/webpack/loaders/resolve-url-loader/index.js??ruleSet[1].rules[8].oneOf[12].use[3]!./node_modules/.pnpm/next@15.5.23_babel-plugin-m_8cef96b203beb0ab8cfaecfcae450b0a/node_modules/next/dist/compiled/sass-loader/cjs.js??ruleSet[1].rules[8].oneOf[12].use[4]!./node_modules/.pnpm/swiper@6.8.4/node_modules/swiper/swiper.scss
./node_modules/.pnpm/swiper@6.8.4/node_modules/swiper/swiper.scss @ webpack-internal:///(pages-dir-browser)/./node_modules/.pnpm/next@15.5.23_babel-plugin-m_8cef96b203beb0ab8cfaecfcae450b0a/node_modules/next/dist/client/dev/hot-reloader/pages/hot-reloader-pages.js:138
[   77909ms] [WARNING] ./node_modules/.pnpm/next@15.5.23_babel-plugin-m_8cef96b203beb0ab8cfaecfcae450b0a/node_modules/next/dist/build/webpack/loaders/css-loader/src/index.js??ruleSet[1].rules[8].oneOf[14].use[1]!./node_modules/.pnpm/next@15.5.23_babel-plugin-m_8cef96b203beb0ab8cfaecfcae450b0a/node_modules/next/dist/build/webpack/loaders/postcss-loader/src/index.js??ruleSet[1].rules[8].oneOf[14].use[2]!./node_modules/.pnpm/next@15.5.23_babel-plugin-m_8cef96b203beb0ab8cfaecfcae450b0a/node_modules/next/dist/build/webpack/loaders/resolve-url-loader/index.js??ruleSet[1].rules[8].oneOf[14].use[3]!./node_modules/.pnpm/next@15.5.23_babel-plugin-m_8cef96b203beb0ab8cfaecfcae450b0a/node_modules/next/dist/compiled/sass-loader/cjs.js??ruleSet[1].rules[8].oneOf[14].use[4]!./src/assets/css/styles.scss
Deprecation Warning on line 4, column 8 of file:///C:/Users/prest/proyectos/000mariferinicio/src/assets/css/styles.scss:4:8:
Sass @import rules are deprecated and will be removed in Dart Sass 3.0.0.

More info and automated migrator: https://sass-lang.com/d/import

4 | @import "./main.scss";

src\assets\css\styles.scss 5:9  root stylesheet

Import trace for requested module:
./node_modules/.pnpm/next@15.5.23_babel-plugin-m_8cef96b203beb0ab8cfaecfcae450b0a/node_modules/next/dist/build/webpack/loaders/css-loader/src/index.js??ruleSet[1].rules[8].oneOf[14].use[1]!./node_modules/.pnpm/next@15.5.23_babel-plugin-m_8cef96b203beb0ab8cfaecfcae450b0a/node_modules/next/dist/build/webpack/loaders/postcss-loader/src/index.js??ruleSet[1].rules[8].oneOf[14].use[2]!./node_modules/.pnpm/next@15.5.23_babel-plugin-m_8cef96b203beb0ab8cfaecfcae450b0a/node_modules/next/dist/build/webpack/loaders/resolve-url-loader/index.js??ruleSet[1].rules[8].oneOf[14].use[3]!./node_modules/.pnpm/next@15.5.23_babel-plugin-m_8cef96b203beb0ab8cfaecfcae450b0a/node_modules/next/dist/compiled/sass-loader/cjs.js??ruleSet[1].rules[8].oneOf[14].use[4]!./src/assets/css/styles.scss
./src/assets/css/styles.scss @ webpack-internal:///(pages-dir-browser)/./node_modules/.pnpm/next@15.5.23_babel-plugin-m_8cef96b203beb0ab8cfaecfcae450b0a/node_modules/next/dist/client/dev/hot-reloader/pages/hot-reloader-pages.js:138
[   77909ms] [WARNING] ./node_modules/.pnpm/next@15.5.23_babel-plugin-m_8cef96b203beb0ab8cfaecfcae450b0a/node_modules/next/dist/build/webpack/loaders/css-loader/src/index.js??ruleSet[1].rules[8].oneOf[14].use[1]!./node_modules/.pnpm/next@15.5.23_babel-plugin-m_8cef96b203beb0ab8cfaecfcae450b0a/node_modules/next/dist/build/webpack/loaders/postcss-loader/src/index.js??ruleSet[1].rules[8].oneOf[14].use[2]!./node_modules/.pnpm/next@15.5.23_babel-plugin-m_8cef96b203beb0ab8cfaecfcae450b0a/node_modules/next/dist/build/webpack/loaders/resolve-url-loader/index.js??ruleSet[1].rules[8].oneOf[14].use[3]!./node_modules/.pnpm/next@15.5.23_babel-plugin-m_8cef96b203beb0ab8cfaecfcae450b0a/node_modules/next/dist/compiled/sass-loader/cjs.js??ruleSet[1].rules[8].oneOf[14].use[4]!./src/assets/css/styles.scss
Deprecation Warning on line 6, column 8 of file:///C:/Users/prest/proyectos/000mariferinicio/src/assets/css/main.scss:6:8:
Sass @import rules are deprecated and will be removed in Dart Sass 3.0.0.

More info and automated migrator: https://sass-lang.com/d/import

6 | @import "./partials/variables.scss";

src\assets\css\main.scss 7:9    @import
src\assets\css\styles.scss 5:9  root stylesheet

Import trace for requested module:
./node_modules/.pnpm/next@15.5.23_babel-plugin-m_8cef96b203beb0ab8cfaecfcae450b0a/node_modules/next/dist/build/webpack/loaders/css-loader/src/index.js??ruleSet[1].rules[8].oneOf[14].use[1]!./node_modules/.pnpm/next@15.5.23_babel-plugin-m_8cef96b203beb0ab8cfaecfcae450b0a/node_modules/next/dist/build/webpack/loaders/postcss-loader/src/index.js??ruleSet[1].rules[8].oneOf[14].use[2]!./node_modules/.pnpm/next@15.5.23_babel-plugin-m_8cef96b203beb0ab8cfaecfcae450b0a/node_modules/next/dist/build/webpack/loaders/resolve-url-loader/index.js??ruleSet[1].rules[8].oneOf[14].use[3]!./node_modules/.pnpm/next@15.5.23_babel-plugin-m_8cef96b203beb0ab8cfaecfcae450b0a/node_modules/next/dist/compiled/sass-loader/cjs.js??ruleSet[1].rules[8].oneOf[14].use[4]!./src/assets/css/styles.scss
./src/assets/css/styles.scss @ webpack-internal:///(pages-dir-browser)/./node_modules/.pnpm/next@15.5.23_babel-plugin-m_8cef96b203beb0ab8cfaecfcae450b0a/node_modules/next/dist/client/dev/hot-reloader/pages/hot-reloader-pages.js:138
[   77909ms] [WARNING] ./node_modules/.pnpm/next@15.5.23_babel-plugin-m_8cef96b203beb0ab8cfaecfcae450b0a/node_modules/next/dist/build/webpack/loaders/css-loader/src/index.js??ruleSet[1].rules[8].oneOf[14].use[1]!./node_modules/.pnpm/next@15.5.23_babel-plugin-m_8cef96b203beb0ab8cfaecfcae450b0a/node_modules/next/dist/build/webpack/loaders/postcss-loader/src/index.js??ruleSet[1].rules[8].oneOf[14].use[2]!./node_modules/.pnpm/next@15.5.23_babel-plugin-m_8cef96b203beb0ab8cfaecfcae450b0a/node_modules/next/dist/build/webpack/loaders/resolve-url-loader/index.js??ruleSet[1].rules[8].oneOf[14].use[3]!./node_modules/.pnpm/next@15.5.23_babel-plugin-m_8cef96b203beb0ab8cfaecfcae450b0a/node_modules/next/dist/compiled/sass-loader/cjs.js??ruleSet[1].rules[8].oneOf[14].use[4]!./src/assets/css/styles.scss
Deprecation Warning on line 7, column 8 of file:///C:/Users/prest/proyectos/000mariferinicio/src/assets/css/main.scss:7:8:
Sass @import rules are deprecated and will be removed in Dart Sass 3.0.0.

More info and automated migrator: https://sass-lang.com/d/import

7 | @import "./partials/breakpoints.scss";

src\assets\css\main.scss 8:9    @import
src\assets\css\styles.scss 5:9  root stylesheet

Import trace for requested module:
./node_modules/.pnpm/next@15.5.23_babel-plugin-m_8cef96b203beb0ab8cfaecfcae450b0a/node_modules/next/dist/build/webpack/loaders/css-loader/src/index.js??ruleSet[1].rules[8].oneOf[14].use[1]!./node_modules/.pnpm/next@15.5.23_babel-plugin-m_8cef96b203beb0ab8cfaecfcae450b0a/node_modules/next/dist/build/webpack/loaders/postcss-loader/src/index.js??ruleSet[1].rules[8].oneOf[14].use[2]!./node_modules/.pnpm/next@15.5.23_babel-plugin-m_8cef96b203beb0ab8cfaecfcae450b0a/node_modules/next/dist/build/webpack/loaders/resolve-url-loader/index.js??ruleSet[1].rules[8].oneOf[14].use[3]!./node_modules/.pnpm/next@15.5.23_babel-plugin-m_8cef96b203beb0ab8cfaecfcae450b0a/node_modules/next/dist/compiled/sass-loader/cjs.js??ruleSet[1].rules[8].oneOf[14].use[4]!./src/assets/css/styles.scss
./src/assets/css/styles.scss @ webpack-internal:///(pages-dir-browser)/./node_modules/.pnpm/next@15.5.23_babel-plugin-m_8cef96b203beb0ab8cfaecfcae450b0a/node_modules/next/dist/client/dev/hot-reloader/pages/hot-reloader-pages.js:138
[   77909ms] [WARNING] ./node_modules/.pnpm/next@15.5.23_babel-plugin-m_8cef96b203beb0ab8cfaecfcae450b0a/node_modules/next/dist/build/webpack/loaders/css-loader/src/index.js??ruleSet[1].rules[8].oneOf[14].use[1]!./node_modules/.pnpm/next@15.5.23_babel-plugin-m_8cef96b203beb0ab8cfaecfcae450b0a/node_modules/next/dist/build/webpack/loaders/postcss-loader/src/index.js??ruleSet[1].rules[8].oneOf[14].use[2]!./node_modules/.pnpm/next@15.5.23_babel-plugin-m_8cef96b203beb0ab8cfaecfcae450b0a/node_modules/next/dist/build/webpack/loaders/resolve-url-loader/index.js??ruleSet[1].rules[8].oneOf[14].use[3]!./node_modules/.pnpm/next@15.5.23_babel-plugin-m_8cef96b203beb0ab8cfaecfcae450b0a/node_modules/next/dist/compiled/sass-loader/cjs.js??ruleSet[1].rules[8].oneOf[14].use[4]!./src/assets/css/styles.scss
Deprecation Warning on line 10, column 6 of file:///C:/Users/prest/proyectos/000mariferinicio/src/assets/css/partials/breakpoints.scss:10:6:
Global built-in functions are deprecated and will be removed in Dart Sass 3.0.0.
Use map.has-key instead.

More info and automated migrator: https://sass-lang.com/d/import

10 |   @if map-has-key($breakpoints, $breakpoint) {

src\assets\css\partials\breakpoints.scss 11:7  breakpoint()
src\assets\css\main.scss 150:3                 @import
src\assets\css\styles.scss 5:9                 root stylesheet

Import trace for requested module:
./node_modules/.pnpm/next@15.5.23_babel-plugin-m_8cef96b203beb0ab8cfaecfcae450b0a/node_modules/next/dist/build/webpack/loaders/css-loader/src/index.js??ruleSet[1].rules[8].oneOf[14].use[1]!./node_modules/.pnpm/next@15.5.23_babel-plugin-m_8cef96b203beb0ab8cfaecfcae450b0a/node_modules/next/dist/build/webpack/loaders/postcss-loader/src/index.js??ruleSet[1].rules[8].oneOf[14].use[2]!./node_modules/.pnpm/next@15.5.23_babel-plugin-m_8cef96b203beb0ab8cfaecfcae450b0a/node_modules/next/dist/build/webpack/loaders/resolve-url-loader/index.js??ruleSet[1].rules[8].oneOf[14].use[3]!./node_modules/.pnpm/next@15.5.23_babel-plugin-m_8cef96b203beb0ab8cfaecfcae450b0a/node_modules/next/dist/compiled/sass-loader/cjs.js??ruleSet[1].rules[8].oneOf[14].use[4]!./src/assets/css/styles.scss
./src/assets/css/styles.scss @ webpack-internal:///(pages-dir-browser)/./node_modules/.pnpm/next@15.5.23_babel-plugin-m_8cef96b203beb0ab8cfaecfcae450b0a/node_modules/next/dist/client/dev/hot-reloader/pages/hot-reloader-pages.js:138
[   77910ms] [WARNING] There were more warnings in other files.
You can find a complete log in the terminal. @ webpack-internal:///(pages-dir-browser)/./node_modules/.pnpm/next@15.5.23_babel-plugin-m_8cef96b203beb0ab8cfaecfcae450b0a/node_modules/next/dist/client/dev/hot-reloader/pages/hot-reloader-pages.js:135
[   77923ms] [LOG] [Fast Refresh] rebuilding @ webpack-internal:///(pages-dir-browser)/./node_modules/.pnpm/next@15.5.23_babel-plugin-m_8cef96b203beb0ab8cfaecfcae450b0a/node_modules/next/dist/client/dev/hot-reloader/pages/hot-reloader-pages.js:206
[   78048ms] [LOG] [Fast Refresh] done in 124ms @ webpack-internal:///(pages-dir-browser)/./node_modules/.pnpm/next@15.5.23_babel-plugin-m_8cef96b203beb0ab8cfaecfcae450b0a/node_modules/next/dist/client/dev/report-hmr-latency.js:13
[   82472ms] [WARNING] ./node_modules/.pnpm/next@15.5.23_babel-plugin-m_8cef96b203beb0ab8cfaecfcae450b0a/node_modules/next/dist/build/webpack/loaders/css-loader/src/index.js??ruleSet[1].rules[8].oneOf[12].use[1]!./node_modules/.pnpm/next@15.5.23_babel-plugin-m_8cef96b203beb0ab8cfaecfcae450b0a/node_modules/next/dist/build/webpack/loaders/postcss-loader/src/index.js??ruleSet[1].rules[8].oneOf[12].use[2]!./node_modules/.pnpm/next@15.5.23_babel-plugin-m_8cef96b203beb0ab8cfaecfcae450b0a/node_modules/next/dist/build/webpack/loaders/resolve-url-loader/index.js??ruleSet[1].rules[8].oneOf[12].use[3]!./node_modules/.pnpm/next@15.5.23_babel-plugin-m_8cef96b203beb0ab8cfaecfcae450b0a/node_modules/next/dist/compiled/sass-loader/cjs.js??ruleSet[1].rules[8].oneOf[12].use[4]!./node_modules/.pnpm/swiper@6.8.4/node_modules/swiper/swiper.scss
Deprecation Warning on line 0, column 8 of file:///C:/Users/prest/proyectos/000mariferinicio/node_modules/.pnpm/swiper@6.8.4/node_modules/swiper/swiper.scss:0:8:
Sass @import rules are deprecated and will be removed in Dart Sass 3.0.0.

More info and automated migrator: https://sass-lang.com/d/import

0 | @import 'swiper-vars.scss';

node_modules\.pnpm\swiper@6.8.4\node_modules\swiper\swiper.scss 1:9  root stylesheet

Import trace for requested module:
./node_modules/.pnpm/next@15.5.23_babel-plugin-m_8cef96b203beb0ab8cfaecfcae450b0a/node_modules/next/dist/build/webpack/loaders/css-loader/src/index.js??ruleSet[1].rules[8].oneOf[12].use[1]!./node_modules/.pnpm/next@15.5.23_babel-plugin-m_8cef96b203beb0ab8cfaecfcae450b0a/node_modules/next/dist/build/webpack/loaders/postcss-loader/src/index.js??ruleSet[1].rules[8].oneOf[12].use[2]!./node_modules/.pnpm/next@15.5.23_babel-plugin-m_8cef96b203beb0ab8cfaecfcae450b0a/node_modules/next/dist/build/webpack/loaders/resolve-url-loader/index.js??ruleSet[1].rules[8].oneOf[12].use[3]!./node_modules/.pnpm/next@15.5.23_babel-plugin-m_8cef96b203beb0ab8cfaecfcae450b0a/node_modules/next/dist/compiled/sass-loader/cjs.js??ruleSet[1].rules[8].oneOf[12].use[4]!./node_modules/.pnpm/swiper@6.8.4/node_modules/swiper/swiper.scss
./node_modules/.pnpm/swiper@6.8.4/node_modules/swiper/swiper.scss @ webpack-internal:///(pages-dir-browser)/./node_modules/.pnpm/next@15.5.23_babel-plugin-m_8cef96b203beb0ab8cfaecfcae450b0a/node_modules/next/dist/client/dev/hot-reloader/pages/hot-reloader-pages.js:138
[   82474ms] [WARNING] ./node_modules/.pnpm/next@15.5.23_babel-plugin-m_8cef96b203beb0ab8cfaecfcae450b0a/node_modules/next/dist/build/webpack/loaders/css-loader/src/index.js??ruleSet[1].rules[8].oneOf[14].use[1]!./node_modules/.pnpm/next@15.5.23_babel-plugin-m_8cef96b203beb0ab8cfaecfcae450b0a/node_modules/next/dist/build/webpack/loaders/postcss-loader/src/index.js??ruleSet[1].rules[8].oneOf[14].use[2]!./node_modules/.pnpm/next@15.5.23_babel-plugin-m_8cef96b203beb0ab8cfaecfcae450b0a/node_modules/next/dist/build/webpack/loaders/resolve-url-loader/index.js??ruleSet[1].rules[8].oneOf[14].use[3]!./node_modules/.pnpm/next@15.5.23_babel-plugin-m_8cef96b203beb0ab8cfaecfcae450b0a/node_modules/next/dist/compiled/sass-loader/cjs.js??ruleSet[1].rules[8].oneOf[14].use[4]!./src/assets/css/styles.scss
Deprecation Warning on line 4, column 8 of file:///C:/Users/prest/proyectos/000mariferinicio/src/assets/css/styles.scss:4:8:
Sass @import rules are deprecated and will be removed in Dart Sass 3.0.0.

More info and automated migrator: https://sass-lang.com/d/import

4 | @import "./main.scss";

src\assets\css\styles.scss 5:9  root stylesheet

Import trace for requested module:
./node_modules/.pnpm/next@15.5.23_babel-plugin-m_8cef96b203beb0ab8cfaecfcae450b0a/node_modules/next/dist/build/webpack/loaders/css-loader/src/index.js??ruleSet[1].rules[8].oneOf[14].use[1]!./node_modules/.pnpm/next@15.5.23_babel-plugin-m_8cef96b203beb0ab8cfaecfcae450b0a/node_modules/next/dist/build/webpack/loaders/postcss-loader/src/index.js??ruleSet[1].rules[8].oneOf[14].use[2]!./node_modules/.pnpm/next@15.5.23_babel-plugin-m_8cef96b203beb0ab8cfaecfcae450b0a/node_modules/next/dist/build/webpack/loaders/resolve-url-loader/index.js??ruleSet[1].rules[8].oneOf[14].use[3]!./node_modules/.pnpm/next@15.5.23_babel-plugin-m_8cef96b203beb0ab8cfaecfcae450b0a/node_modules/next/dist/compiled/sass-loader/cjs.js??ruleSet[1].rules[8].oneOf[14].use[4]!./src/assets/css/styles.scss
./src/assets/css/styles.scss @ webpack-internal:///(pages-dir-browser)/./node_modules/.pnpm/next@15.5.23_babel-plugin-m_8cef96b203beb0ab8cfaecfcae450b0a/node_modules/next/dist/client/dev/hot-reloader/pages/hot-reloader-pages.js:138
[   82474ms] [WARNING] ./node_modules/.pnpm/next@15.5.23_babel-plugin-m_8cef96b203beb0ab8cfaecfcae450b0a/node_modules/next/dist/build/webpack/loaders/css-loader/src/index.js??ruleSet[1].rules[8].oneOf[14].use[1]!./node_modules/.pnpm/next@15.5.23_babel-plugin-m_8cef96b203beb0ab8cfaecfcae450b0a/node_modules/next/dist/build/webpack/loaders/postcss-loader/src/index.js??ruleSet[1].rules[8].oneOf[14].use[2]!./node_modules/.pnpm/next@15.5.23_babel-plugin-m_8cef96b203beb0ab8cfaecfcae450b0a/node_modules/next/dist/build/webpack/loaders/resolve-url-loader/index.js??ruleSet[1].rules[8].oneOf[14].use[3]!./node_modules/.pnpm/next@15.5.23_babel-plugin-m_8cef96b203beb0ab8cfaecfcae450b0a/node_modules/next/dist/compiled/sass-loader/cjs.js??ruleSet[1].rules[8].oneOf[14].use[4]!./src/assets/css/styles.scss
Deprecation Warning on line 6, column 8 of file:///C:/Users/prest/proyectos/000mariferinicio/src/assets/css/main.scss:6:8:
Sass @import rules are deprecated and will be removed in Dart Sass 3.0.0.

More info and automated migrator: https://sass-lang.com/d/import

6 | @import "./partials/variables.scss";

src\assets\css\main.scss 7:9    @import
src\assets\css\styles.scss 5:9  root stylesheet

Import trace for requested module:
./node_modules/.pnpm/next@15.5.23_babel-plugin-m_8cef96b203beb0ab8cfaecfcae450b0a/node_modules/next/dist/build/webpack/loaders/css-loader/src/index.js??ruleSet[1].rules[8].oneOf[14].use[1]!./node_modules/.pnpm/next@15.5.23_babel-plugin-m_8cef96b203beb0ab8cfaecfcae450b0a/node_modules/next/dist/build/webpack/loaders/postcss-loader/src/index.js??ruleSet[1].rules[8].oneOf[14].use[2]!./node_modules/.pnpm/next@15.5.23_babel-plugin-m_8cef96b203beb0ab8cfaecfcae450b0a/node_modules/next/dist/build/webpack/loaders/resolve-url-loader/index.js??ruleSet[1].rules[8].oneOf[14].use[3]!./node_modules/.pnpm/next@15.5.23_babel-plugin-m_8cef96b203beb0ab8cfaecfcae450b0a/node_modules/next/dist/compiled/sass-loader/cjs.js??ruleSet[1].rules[8].oneOf[14].use[4]!./src/assets/css/styles.scss
./src/assets/css/styles.scss @ webpack-internal:///(pages-dir-browser)/./node_modules/.pnpm/next@15.5.23_babel-plugin-m_8cef96b203beb0ab8cfaecfcae450b0a/node_modules/next/dist/client/dev/hot-reloader/pages/hot-reloader-pages.js:138
[   82474ms] [WARNING] ./node_modules/.pnpm/next@15.5.23_babel-plugin-m_8cef96b203beb0ab8cfaecfcae450b0a/node_modules/next/dist/build/webpack/loaders/css-loader/src/index.js??ruleSet[1].rules[8].oneOf[14].use[1]!./node_modules/.pnpm/next@15.5.23_babel-plugin-m_8cef96b203beb0ab8cfaecfcae450b0a/node_modules/next/dist/build/webpack/loaders/postcss-loader/src/index.js??ruleSet[1].rules[8].oneOf[14].use[2]!./node_modules/.pnpm/next@15.5.23_babel-plugin-m_8cef96b203beb0ab8cfaecfcae450b0a/node_modules/next/dist/build/webpack/loaders/resolve-url-loader/index.js??ruleSet[1].rules[8].oneOf[14].use[3]!./node_modules/.pnpm/next@15.5.23_babel-plugin-m_8cef96b203beb0ab8cfaecfcae450b0a/node_modules/next/dist/compiled/sass-loader/cjs.js??ruleSet[1].rules[8].oneOf[14].use[4]!./src/assets/css/styles.scss
Deprecation Warning on line 7, column 8 of file:///C:/Users/prest/proyectos/000mariferinicio/src/assets/css/main.scss:7:8:
Sass @import rules are deprecated and will be removed in Dart Sass 3.0.0.

More info and automated migrator: https://sass-lang.com/d/import

7 | @import "./partials/breakpoints.scss";

src\assets\css\main.scss 8:9    @import
src\assets\css\styles.scss 5:9  root stylesheet

Import trace for requested module:
./node_modules/.pnpm/next@15.5.23_babel-plugin-m_8cef96b203beb0ab8cfaecfcae450b0a/node_modules/next/dist/build/webpack/loaders/css-loader/src/index.js??ruleSet[1].rules[8].oneOf[14].use[1]!./node_modules/.pnpm/next@15.5.23_babel-plugin-m_8cef96b203beb0ab8cfaecfcae450b0a/node_modules/next/dist/build/webpack/loaders/postcss-loader/src/index.js??ruleSet[1].rules[8].oneOf[14].use[2]!./node_modules/.pnpm/next@15.5.23_babel-plugin-m_8cef96b203beb0ab8cfaecfcae450b0a/node_modules/next/dist/build/webpack/loaders/resolve-url-loader/index.js??ruleSet[1].rules[8].oneOf[14].use[3]!./node_modules/.pnpm/next@15.5.23_babel-plugin-m_8cef96b203beb0ab8cfaecfcae450b0a/node_modules/next/dist/compiled/sass-loader/cjs.js??ruleSet[1].rules[8].oneOf[14].use[4]!./src/assets/css/styles.scss
./src/assets/css/styles.scss @ webpack-internal:///(pages-dir-browser)/./node_modules/.pnpm/next@15.5.23_babel-plugin-m_8cef96b203beb0ab8cfaecfcae450b0a/node_modules/next/dist/client/dev/hot-reloader/pages/hot-reloader-pages.js:138
[   82475ms] [WARNING] ./node_modules/.pnpm/next@15.5.23_babel-plugin-m_8cef96b203beb0ab8cfaecfcae450b0a/node_modules/next/dist/build/webpack/loaders/css-loader/src/index.js??ruleSet[1].rules[8].oneOf[14].use[1]!./node_modules/.pnpm/next@15.5.23_babel-plugin-m_8cef96b203beb0ab8cfaecfcae450b0a/node_modules/next/dist/build/webpack/loaders/postcss-loader/src/index.js??ruleSet[1].rules[8].oneOf[14].use[2]!./node_modules/.pnpm/next@15.5.23_babel-plugin-m_8cef96b203beb0ab8cfaecfcae450b0a/node_modules/next/dist/build/webpack/loaders/resolve-url-loader/index.js??ruleSet[1].rules[8].oneOf[14].use[3]!./node_modules/.pnpm/next@15.5.23_babel-plugin-m_8cef96b203beb0ab8cfaecfcae450b0a/node_modules/next/dist/compiled/sass-loader/cjs.js??ruleSet[1].rules[8].oneOf[14].use[4]!./src/assets/css/styles.scss
Deprecation Warning on line 10, column 6 of file:///C:/Users/prest/proyectos/000mariferinicio/src/assets/css/partials/breakpoints.scss:10:6:
Global built-in functions are deprecated and will be removed in Dart Sass 3.0.0.
Use map.has-key instead.

More info and automated migrator: https://sass-lang.com/d/import

10 |   @if map-has-key($breakpoints, $breakpoint) {

src\assets\css\partials\breakpoints.scss 11:7  breakpoint()
src\assets\css\main.scss 150:3                 @import
src\assets\css\styles.scss 5:9                 root stylesheet

Import trace for requested module:
./node_modules/.pnpm/next@15.5.23_babel-plugin-m_8cef96b203beb0ab8cfaecfcae450b0a/node_modules/next/dist/build/webpack/loaders/css-loader/src/index.js??ruleSet[1].rules[8].oneOf[14].use[1]!./node_modules/.pnpm/next@15.5.23_babel-plugin-m_8cef96b203beb0ab8cfaecfcae450b0a/node_modules/next/dist/build/webpack/loaders/postcss-loader/src/index.js??ruleSet[1].rules[8].oneOf[14].use[2]!./node_modules/.pnpm/next@15.5.23_babel-plugin-m_8cef96b203beb0ab8cfaecfcae450b0a/node_modules/next/dist/build/webpack/loaders/resolve-url-loader/index.js??ruleSet[1].rules[8].oneOf[14].use[3]!./node_modules/.pnpm/next@15.5.23_babel-plugin-m_8cef96b203beb0ab8cfaecfcae450b0a/node_modules/next/dist/compiled/sass-loader/cjs.js??ruleSet[1].rules[8].oneOf[14].use[4]!./src/assets/css/styles.scss
./src/assets/css/styles.scss @ webpack-internal:///(pages-dir-browser)/./node_modules/.pnpm/next@15.5.23_babel-plugin-m_8cef96b203beb0ab8cfaecfcae450b0a/node_modules/next/dist/client/dev/hot-reloader/pages/hot-reloader-pages.js:138
[   82475ms] [WARNING] There were more warnings in other files.
You can find a complete log in the terminal. @ webpack-internal:///(pages-dir-browser)/./node_modules/.pnpm/next@15.5.23_babel-plugin-m_8cef96b203beb0ab8cfaecfcae450b0a/node_modules/next/dist/client/dev/hot-reloader/pages/hot-reloader-pages.js:135
[   82677ms] [LOG] [Fast Refresh] done in 4754ms @ webpack-internal:///(pages-dir-browser)/./node_modules/.pnpm/next@15.5.23_babel-plugin-m_8cef96b203beb0ab8cfaecfcae450b0a/node_modules/next/dist/client/dev/report-hmr-latency.js:13
